{
    "url": "http://hl7.org/fhir/StructureDefinition/dateTime",
    "scalar": true,
    "regex": "([0-9]([0-9]([0-9][1-9]|[1-9]0)|[1-9]00)|[1-9]000)(-(0[1-9]|1[0-2])(-(0[1-9]|[1-2][0-9]|3[0-1])(T([01][0-9]|2[0-3]):[0-5][0-9]:([0-5][0-9]|60)(\\.[0-9]+)?(Z|(\\+|-)((0[0-9]|1[0-3]):[0-5][0-9]|14:00)))?)?)?",
    "id": "dateTime",
    "base": "http://hl7.org/fhir/StructureDefinition/Element",
    "name": "dateTime",
    "kind": "primitive-type",
    "type": "dateTime",
    "version": "4.0.1",
    "resourceType": "FHIRSchema",
    "derivation": "specialization",
    "system-type": "http://hl7.org/fhirpath/System.DateTime"
}