{
    "url": "http://hl7.org/fhir/StructureDefinition/Attachment",
    "constraints": {
        "att-1": {
            "human": "If the Attachment has data, it SHALL have a contentType",
            "severity": "error",
            "expression": "data.empty() or contentType.exists()"
        }
    },
    "id": "Attachment",
    "base": "http://hl7.org/fhir/StructureDefinition/Element",
    "name": "Attachment",
    "kind": "complex-type",
    "type": "Attachment",
    "version": "4.0.1",
    "resourceType": "FHIRSchema",
    "elements": {
        "url": {
            "type": "url",
            "scalar": true,
            "summary": true
        },
        "data": {
            "type": "base64Binary",
            "scalar": true
        },
        "hash": {
            "type": "base64Binary",
            "scalar": true,
            "summary": true
        },
        "size": {
            "type": "unsignedInt",
            "scalar": true,
            "summary": true
        },
        "title": {
            "type": "string",
            "scalar": true,
            "summary": true
        },
        "creation": {
            "type": "dateTime",
            "scalar": true,
            "summary": true
        },
        "language": {
            "type": "code",
            "scalar": true,
            "binding": {
                "strength": "preferred",
                "valueSet": "http://hl7.org/fhir/ValueSet/languages"
            },
            "summary": true
        },
        "contentType": {
            "type": "code",
            "scalar": true,
            "binding": {
                "strength": "required",
                "valueSet": "http://hl7.org/fhir/ValueSet/mimetypes"
            },
            "summary": true
        }
    },
    "derivation": "specialization"
}