{
    "url": "http://hl7.org/fhir/StructureDefinition/CodeableConcept",
    "id": "CodeableConcept",
    "base": "http://hl7.org/fhir/StructureDefinition/Element",
    "name": "CodeableConcept",
    "kind": "complex-type",
    "type": "CodeableConcept",
    "version": "4.0.1",
    "resourceType": "FHIRSchema",
    "elements": {
        "text": {
            "type": "string",
            "scalar": true,
            "summary": true
        },
        "coding": {
            "type": "Coding",
            "array": true,
            "summary": true
        }
    },
    "derivation": "specialization"
}