{
    "url": "http://hl7.org/fhir/StructureDefinition/HumanName",
    "id": "HumanName",
    "base": "http://hl7.org/fhir/StructureDefinition/Element",
    "name": "HumanName",
    "kind": "complex-type",
    "type": "HumanName",
    "version": "4.0.1",
    "resourceType": "FHIRSchema",
    "elements": {
        "use": {
            "type": "code",
            "scalar": true,
            "binding": {
                "strength": "required",
                "valueSet": "http://hl7.org/fhir/ValueSet/name-use"
            },
            "summary": true,
            "modifier": true
        },
        "text": {
            "type": "string",
            "scalar": true,
            "summary": true
        },
        "given": {
            "type": "string",
            "array": true,
            "summary": true
        },
        "family": {
            "type": "string",
            "scalar": true,
            "summary": true
        },
        "period": {
            "type": "Period",
            "scalar": true,
            "summary": true
        },
        "prefix": {
            "type": "string",
            "array": true,
            "summary": true
        },
        "suffix": {
            "type": "string",
            "array": true,
            "summary": true
        }
    },
    "derivation": "specialization"
}