{
    "url": "http://hl7.org/fhir/StructureDefinition/Identifier",
    "id": "Identifier",
    "base": "http://hl7.org/fhir/StructureDefinition/Element",
    "name": "Identifier",
    "kind": "complex-type",
    "type": "Identifier",
    "version": "4.0.1",
    "resourceType": "FHIRSchema",
    "elements": {
        "use": {
            "type": "code",
            "scalar": true,
            "binding": {
                "strength": "required",
                "valueSet": "http://hl7.org/fhir/ValueSet/identifier-use"
            },
            "summary": true,
            "modifier": true
        },
        "type": {
            "type": "CodeableConcept",
            "scalar": true,
            "binding": {
                "strength": "extensible",
                "valueSet": "http://hl7.org/fhir/ValueSet/identifier-type"
            },
            "summary": true
        },
        "value": {
            "type": "string",
            "scalar": true,
            "summary": true
        },
        "period": {
            "type": "Period",
            "scalar": true,
            "summary": true
        },
        "system": {
            "type": "uri",
            "scalar": true,
            "summary": true
        },
        "assigner": {
            "type": "Reference",
            "refers": [
                "http://hl7.org/fhir/StructureDefinition/Organization"
            ],
            "scalar": true,
            "summary": true
        }
    },
    "derivation": "specialization"
}