{
    "url": "http://hl7.org/fhir/StructureDefinition/Reference",
    "constraints": {
        "ref-1": {
            "human": "SHALL have a contained resource if a local reference is provided",
            "severity": "error",
            "expression": "reference.startsWith('#').not() or (reference.substring(1).trace('url') in %rootResource.contained.id.trace('ids'))"
        }
    },
    "id": "Reference",
    "base": "http://hl7.org/fhir/StructureDefinition/Element",
    "name": "Reference",
    "kind": "complex-type",
    "type": "Reference",
    "version": "4.0.1",
    "resourceType": "FHIRSchema",
    "elements": {
        "type": {
            "type": "uri",
            "scalar": true,
            "binding": {
                "strength": "extensible",
                "valueSet": "http://hl7.org/fhir/ValueSet/resource-types"
            },
            "summary": true
        },
        "display": {
            "type": "string",
            "scalar": true,
            "summary": true
        },
        "reference": {
            "type": "string",
            "scalar": true,
            "summary": true
        },
        "identifier": {
            "type": "Identifier",
            "scalar": true,
            "summary": true
        }
    },
    "derivation": "specialization"
}